# まとめ

Git クライアントとサーバーをカスタマイズして自分たちのプロジェクトやワークフローにあてはめるための主要な方法を説明しました。あらゆる設定項目やファイルベースの属性、そしてイベントフックについて学び、特定のポリシーを実現するサーバーを構築するサンプルを示しました。これで、あなたが思い描くであろうほぼすべてのワークフローにあわせて Git を調整できるようになったはずです。
。

## 自動補完

Bash シェルを使っているのなら、Git にはよくできた自動補完スクリプトが付属しています。Git のソースコードをダウンロードし、`contrib/completion` ディレクトリを見てみましょう。`git-completion.bash` というファイルがあるはずです。このファイルをホームディレクトリにコピーし、それを `.bashrc` ファイルに追加しましょう。

	source ~/.git-completion.bash

すべてのユーザーに対して Git 用の Bash シェル補完を使わせたい場合は、Mac なら `/opt/local/etc/bash_completion.d` ディレクトリ、Linux 系なら `/etc/bash_completion.d/` ディレクトリにこのスクリプトをコピーします。Bash は、これらのディレクトリにあるスクリプトを自動的に読み込んでシェル補完を行います。

Windows で Git Bash を使用している人は、msysGit で Windows 版 Git をインストールした際にデフォルトでこの機能が有効になっています。

Git コマンドの入力中にタブキーを押せば、補完候補があらわれて選択できるようになります。

	$ git co<tab><tab>
	commit config

ここでは、`git co` と打ち込んだ後にタブキーを二度押してみました。すると commit と config という候補があらわれました。さらに `m<tab>` と入力すると、自動的に `git commit` と補完されます。

これは、コマンドのオプションに対しても機能します。おそらくこっちのほうがより有用でしょう。たとえば、`git log` を実行しようとしてそのオプションを思い出せなかった場合、タブキーを押せばどんなオプションを使えるのかがわかります。

	$ git log --s<tab>
	--shortstat  --since=  --src-prefix=  --stat   --summary

この裏技を使えば、ドキュメントを調べる時間を節約できることでしょう。

## Git エイリアス

Git は、コマンドの一部だけが入力された状態でそのコマンドを推測することはありません。Git の各コマンドをいちいち全部入力するのがいやなら、`git config` でコマンドのエイリアスを設定することができます。たとえばこんなふうに設定すると便利かもしれません。

	$ git config --global alias.co checkout
	$ git config --global alias.br branch
	$ git config --global alias.ci commit
	$ git config --global alias.st status

こうすると、たとえば `git commit` と同じことが単に `git ci` と入力するだけでできるようになります。Git を使い続けるにつれて、よく使うコマンドがさらに増えてくることでしょう。そんな場合は、きにせずどんどん新しいエイリアスを作りましょう。

このテクニックは、「こんなことできたらいいな」というコマンドを作る際にも便利です。たとえば、ステージを解除するときにどうしたらいいかいつも迷うという人なら、こんなふうに自分で unstage エイリアスを追加してしまえばいいのです。

	$ git config --global alias.unstage 'reset HEAD --'

こうすれば、次のふたつのコマンドが同じ意味となります。

	$ git unstage fileA
	$ git reset HEAD fileA

少しはわかりやすくなりましたね。あるいは、こんなふうに `last` コマンドを追加することもできます。

	$ git config --global alias.last 'log -1 HEAD'

こうすれば、直近のコミットの情報を見ることができます。

	$ git last
	commit 66938dae3329c7aebe598c2246a8e6af90d04646
	Author: Josh Goebel <dreamer3@example.com>
	Date:   Tue Aug 26 19:48:51 2008 +0800

	    test for current head

	    Signed-off-by: Scott Chacon <schacon@example.com>

Git が単に新しいコマンドをエイリアスで置き換えていることがわかります。しかし、時には Git のサブコマンドではなく外部コマンドを実行したくなることもあるでしょう。そんな場合は、コマンドの先頭に `!` をつけます。これは、Git リポジトリ上で動作する自作のツールを書くときに便利です。例として、`git visual` で `gitk` が起動するようにしてみましょう。

	$ git config --global alias.visual '!gitk'
	Date:   Sun Feb 8 19:02:46 2009 -0800

	    Merge branch 'experiment'

## タグの検証

署名付きのタグを検証するには `git tag -v [tag-name]` を使用します。このコマンドは、GPG を使って署名を検証します。これを正しく実行するには、署名者の公開鍵があなたの鍵リングに含まれている必要があります。

	$ git tag -v v1.4.2.1
	object 883653babd8ee7ea23e6a5c392bb739348b1eb61
	type commit
	tag v1.4.2.1
	tagger Junio C Hamano <junkio@cox.net> 1158138501 -0700

	GIT 1.4.2.1

	Minor fixes since 1.4.2, including git-mv and git-http with alternates.
	gpg: Signature made Wed Sep 13 02:08:25 2006 PDT using DSA key ID F3119B9A
	gpg: Good signature from "Junio C Hamano <junkio@cox.net>"
	gpg:                 aka "[jpeg image of size 1513]"
	Primary key fingerprint: 3565 2A26 2040 E066 C9A7  4A7D C0C6 D9A4 F311 9B9A

署名者の公開鍵を持っていない場合は、このようなメッセージが表示されます。

	gpg: Signature made Wed Sep 13 02:08:25 2006 PDT using DSA key ID F3119B9A
	gpg: Can't check signature: public key not found
	error: could not verify the tag 'v1.4.2.1'

## 後からのタグ付け

過去にさかのぼってコミットにタグ付けすることもできます。仮にあなたのコミットの歴史が次のようなものであったとしましょう。

	$ git log --pretty=oneline
	15027957951b64cf874c3557a0f3547bd83b3ff6 Merge branch 'experiment'
	a6b4c97498bd301d84096da251c98a07c7723e65 beginning write support
	0d52aaab4479697da7686c15f77a3d64d9165190 one more thing
	6d52a271eda8725415634dd79daabbc4d9b6008e Merge branch 'experiment'
	0b7434d86859cc7b8c3d5e1dddfed66ff742fcbc added a commit function
	4682c3261057305bdd616e23b64b0857d832627b added a todo file
	166ae0c4d3f420721acbb115cc33848dfcc2121a started write support
	9fceb02d0ae598e95dc970b74767f19372d61af8 updated rakefile
	964f16d36dfccde844893cac5b347e7b3d44abbc commit the todo
	8a5cbc430f1a9c3d00faaeffd07798508422908a updated readme

今になって、このプロジェクトに `v1.2` のタグをつけるのを忘れていたことに気づきました。本来なら "updated rakefile" のコミットにつけておくべきだったものです。しかし今からでも遅くありません。特定のコミットにタグをつけるには、そのコミットのチェックサム (あるいはその一部) をコマンドの最後に指定します。

	$ git tag -a v1.2 -m 'version 1.2' 9fceb02

これで、そのコミットにタグがつけられたことが確認できます。

	$ git tag
	v0.1
	v1.2
	v1.3
	v1.4
	v1.4-lw
	v1.5

	$ git show v1.2
	tag v1.2
	Tagger: Scott Chacon <schacon@gee-mail.com>
	Date:   Mon Feb 9 15:32:16 2009 -0800

	version 1.2
	commit 9fceb02d0ae598e95dc970b74767f19372d61af8
	Author: Magnus Chacon <mchacon@gee-mail.com>
	Date:   Sun Apr 27 20:43:35 2008 -0700

	    updated rakefile
	...

## タグの共有

デフォルトでは、`git push` コマンドはタグ情報をリモートに送りません。タグを作ったら、タグをリモートサーバーにプッシュするよう明示する必要があります。その方法は、リモートブランチを共有するときと似ています。`git push origin [tagname]` を実行するのです。

	$ git push origin v1.5
	Counting objects: 50, done.
	Compressing objects: 100% (38/38), done.
	Writing objects: 100% (44/44), 4.56 KiB, done.
	Total 44 (delta 18), reused 8 (delta 1)
	To git@github.com:schacon/simplegit.git
	* [new tag]         v1.5 -> v1.5

多くのタグを一度にプッシュしたい場合は、`git push` コマンドのオプション `--tags` を使用します。これは、手元にあるタグのうちまだリモートサーバーに存在しないものをすべて転送します。

	$ git push origin --tags
	Counting objects: 50, done.
	Compressing objects: 100% (38/38), done.
	Writing objects: 100% (44/44), 4.56 KiB, done.
	Total 44 (delta 18), reused 8 (delta 1)
	To git@github.com:schacon/simplegit.git
	 * [new tag]         v0.1 -> v0.1
	 * [new tag]         v1.2 -> v1.2
	 * [new tag]         v1.4 -> v1.4
	 * [new tag]         v1.4-lw -> v1.4-lw
	 * [new tag]         v1.5 -> v1.5

これで、誰か他の人がリポジトリのクローンやプルを行ったときにすべてのタグを取得できるようになりました。
store in remotes/origin)
	    caching
	  Stale tracking branches (use 'git remote prune')
	    libwalker
	    walker2
	  Tracked remote branches
	    acl
	    apiv2
	    dashboard2
	    issues
	    master
	    postgres
	  Local branch pushed with 'git push'
	    master:master

このコマンドは、特定のブランチ上で `git push` したときにどのブランチに自動プッシュされるのかを表示しています。また、サーバー上のリモートブランチのうちまだ手元に持っていないもの、手元にあるブランチのうちすでにサーバー上では削除されているもの、`git pull` を実行したときに自動的にマージされるブランチなども表示されています。

## リモートの削除・リネーム

リモートを参照する名前を変更したい場合、新しいバージョンの Git では `git remote rename` を使うことができます。たとえば `pb` を `paul` に変更したい場合は `git remote rename` をこのように実行します。

	$ git remote rename pb paul
	$ git remote
	origin
	paul

これは、リモートブランチ名も変更することを付け加えておきましょう。これまで `pb/master` として参照していたブランチは、これからは `paul/master` となります。

何らかの理由でリモートの参照を削除したい場合 (サーバーを移動したとか特定のミラーを使わなくなったとか、あるいはプロジェクトからメンバーが抜けたとかいった場合) は `git remote rm` を使用します。

	$ git remote rm paul
	$ git remote
	origin
もにアスキーグラフで表示する|
|--pretty|コミットを別のフォーマットで表示する。オプションとして oneline, short, full, fuller そして format (独自フォーマットを設定する) を指定可能|
|--oneline|`--pretty=oneline --abbrev-commit`と同じ意味の便利なオプション|

## ログ出力の制限

出力のフォーマット用オプションだけでなく、 `git log` にはログの制限用の便利なオプションもあります。コミットの一部だけを表示するようなオプションのことです。既にひとつだけ紹介していますね。`-2` オプション、これは直近のふたつのコミットだけを表示するものです。実は `-<n>` の `n` には任意の整数値を指定することができ、直近の `n` 件のコミットだけを表示させることができます。ただ、実際のところはこれを使うことはあまりないでしょう。というのも、Git はデフォルトですべての出力をページャにパイプするので、ログを一度に 1 ページだけ見ることになるからです。

しかし `--since` や `--until` のような時間制限のオプションは非常に便利です。たとえばこのコマンドは、過去二週間のコミットの一覧を取得します。

	$ git log --since=2.weeks

このコマンドはさまざまな書式で動作します。特定の日を指定する (“2008-01-15”) こともできますし、相対日付を“2 years 1 day 3 minutes ago”のように指定することも可能です。

コミット一覧から検索条件にマッチするものだけを取り出すこともできます。`--author` オプションは特定の author のみを抜き出し、`--grep` オプションはコミットメッセージの中のキーワードを検索します (author と grep を両方指定したい場合は `--all-match` を追加しないといけません。そうしないと、どちらか一方にだけマッチするものも対象になってしまいます)。

最後に紹介する `git log` のフィルタリング用オプションは、パスです。ディレクトリ名あるいはファイル名を指定すると、それを変更したコミットのみが対象となります。このオプションは常に最後に指定し、一般にダブルダッシュ (`--`) の後に記述します。このダブルダッシュが他のオプションとパスの区切りとなります。

表 2-3 に、これらのオプションとその他の一般的なオプションをまとめました。

|オプション|説明|
|-----|--|
|-(n)|直近の n 件のコミットのみを表示する|
|--since, --after|指定した日付以降のコミットのみに制限する|
|--until, --before|指定した日付以前のコミットのみに制限する|
|--author|エントリが指定した文字列にマッチするコミットのみを表示する|
|--committer|エントリが指定した文字列にマッチするコミットのみを表示する|

たとえば、Git ソースツリーのテストファイルに対する変更があったコミットのうち、Junio Hamano がコミットしたもの (マージは除く) で 2008 年 10 月に行われたものを知りたければ次のように指定します。

	$ git log --pretty="%h - %s" --author=gitster --since="2008-10-01" \
	   --before="2008-11-01" --no-merges -- t/
	5610e3b - Fix testcase failure when extended attribute
	acd3b9e - Enhance hold_lock_file_for_{update,append}()
	f563754 - demonstrate breakage of detached checkout wi
	d1a43f2 - reset --hard/read-tree --reset -u: remove un
	51a94af - Fix "checkout --track -b newbranch" on detac
	b0ad11e - pull: allow "git pull origin $something:$cur

約 20,000 件におよぶ Git ソースコードのコミットの歴史の中で、このコマンドの条件にマッチするのは 6 件となります。

## GUI による歴史の可視化

もう少しグラフィカルなツールでコミットの歴史を見たい場合は、Tcl/Tk のプログラムである `gitk` を見てみましょう。これは Git に同梱されています。gitk は、簡単に言うとビジュアルな `git log` ツールです。`git log` で使えるフィルタリングオプションにはほぼすべて対応しています。プロジェクトのコマンドラインで `gitk` と打ち込むと、図 2-2 のような画面があらわれるでしょう。


![](http://git-scm.com/figures/18333fig0202-tn.png)

図 2-2. gitk history visualizer

ウィンドウの上半分に、コミットの歴史がきれいな家系図とともに表示されます。ウィンドウの下半分には diff ビューアがあり、任意のコミットをクリックしてその変更内容を確認することができます。
d:   benchmarks.rb
	

ここで `git diff` を使うと、まだステージされていない内容を知ることができます。

	$ git diff
	diff --git a/benchmarks.rb b/benchmarks.rb
	index e445e28..86b2f7c 100644
	--- a/benchmarks.rb
	+++ b/benchmarks.rb
	@@ -127,3 +127,4 @@ end
	 main()

	 ##pp Grit::GitRuby.cache_client.stats
	+# test line

そして `git diff --cached` を使うと、これまでにステージした内容を知ることができます。

	$ git diff --cached
	diff --git a/benchmarks.rb b/benchmarks.rb
	index 3cb747f..e445e28 100644
	--- a/benchmarks.rb
	+++ b/benchmarks.rb
	@@ -36,6 +36,10 @@ def main
	          @commit.parents[0].parents[0].parents[0]
	        end

	+        run_code(x, 'commits 1') do
	+          git.commits.size
	+        end
	+
	        run_code(x, 'commits 2') do
	          log = git.commits('master', 15)
	          log.size

## 変更のコミット

ステージングエリアの準備ができたら、変更内容をコミットすることができます。コミットの対象となるのはステージされたものだけ、つまり追加したり変更したりしただけでまだ `git add` を実行していないファイルはコミットされないことを覚えておきましょう。そういったファイルは、変更されたままの状態でディスク上に残ります。今回の場合は、最後に `git status` を実行したときにすべてがステージされていることを確認しています。つまり、変更をコミットする準備ができた状態です。コミットするための最もシンプルな方法は `git commit` と打ち込むことです。

	$ git commit

これを実行すると、指定したエディタが立ち上がります (シェルの `$EDITOR` 環境変数で設定されているエディタ。通常は vim あるいは emacs でしょう。しかし、それ以外にも *第 1 章* で説明した `git config --global core.editor` コマンドでお好みのエディタを指定することもできます)。

エディタには次のようなテキストが表示されています (これは Vim の画面の例です)。

	# Please enter the commit message for your changes. Lines starting
	# with '#' will be ignored, and an empty message aborts the commit.
	# On branch master
	# Changes to be committed:
	#       new file:   README
	#       modified:   benchmarks.rb
	#
	~
	~
	~
	".git/COMMIT_EDITMSG" 10L, 283C

デフォルトのコミットメッセージとして、直近の `git status` コマンドの結果がコメントアウトして表示され、先頭に空行があることがわかるでしょう。このコメントを消して自分でコミットメッセージを書き入れていくこともできますし、何をコミットしようとしているのかの確認のためにそのまま残しておいてもかまいません (何を変更したのかをより明確に知りたい場合は、`git commit` に `-v` オプションを指定します。そうすると、diff の内容がエディタに表示されるので何を行ったのかが正確にわかるようになります)。エディタを終了させると、Git はそのメッセージつきのコミットを作成します (コメントおよび diff は削除されます)。

あるいは、コミットメッセージをインラインで記述することもできます。その場合は、`commit` コマンドの後で `-m` フラグに続けて次のように記述します。

	$ git commit -m "Story 182: Fix benchmarks for speed"
	[master 463dc4f] Fix benchmarks for speed
	 2 files changed, 3 insertions(+)
	 create mode 100644 README

これではじめてのコミットができました! 今回のコミットについて、「どのブランチにコミットしたのか (`master`)」「そのコミットの SHA-1 チェックサム (`463dc4f`)」「変更されたファイルの数」「そのコミットで追加されたり削除されたりした行数」といった情報が表示されているのがわかるでしょう。

コミットが記録するのは、ステージングエリアのスナップショットであることを覚えておきましょう。ステージしていない情報については変更された状態のまま残っています。別のコミットで歴史にそれを書き加えるには、改めて add する必要があります。コミットするたびにプロジェクトのスナップショットが記録され、あとからそれを取り消したり参照したりできるようになります。

## ステージングエリアの省略

コミットの内容を思い通りに作り上げることができるという点でステージングエリアは非常に便利なのですが、普段の作業においては必要以上に複雑に感じられることもあるでしょう。ステージングエリアを省略したい場合のために、Git ではシンプルなショートカットを用意しています。`git commit` コマンドに `-a` オプションを指定すると、追跡対象となっているファイルを自動的にステージしてからコミットを行います。つまり `git add` を省略できるというわけです。

	$ git status
	On branch master
	Changes not staged for commit:
	  (use "git add <file>..." to update what will be committed)
	  (use "git checkout -- <file>..." to discard changes in working directory)
	
	        modified:   benchmarks.rb
	
	no changes added to commit (use "git add" and/or "git commit -a")
	$ git commit -a -m 'added new benchmarks'
	[master 83e38c7] added new benchmarks
	 1 files changed, 5 insertions(+)

この場合、コミットする前に `benchmarks.rb` を `git add` する必要がないことに注意しましょう。

## ファイルの削除

ファイルを Git から削除するには、追跡対象からはずし (より正確に言うとステージングエリアから削除し)、そしてコミットします。`git rm` コマンドは、この作業を行い、そして作業ディレクトリからファイルを削除します。つまり、追跡されていないファイルとして残り続けることはありません。

単に作業ディレクトリからファイルを削除しただけの場合は、`git status` の出力の中では “Changes not staged for commit” (つまり _ステージされていない_) 欄に表示されます。

	$ rm grit.gemspec
	$ git status
	On branch master
	Changes not staged for commit:
	  (use "git add/rm <file>..." to update what will be committed)
	  (use "git checkout -- <file>..." to discard changes in working directory)
	
	        deleted:    grit.gemspec
	
	no changes added to commit (use "git add" and/or "git commit -a")

`git rm` を実行すると、ファイルの削除がステージされます。

	$ git rm grit.gemspec
	rm 'grit.gemspec'
	$ git status
	On branch master
	Changes to be committed:
	  (use "git reset HEAD <file>..." to unstage)
	
	        deleted:    grit.gemspec
	

次にコミットするときにファイルが削除され、追跡対象外となります。変更したファイルをすでにステージしている場合は、`-f` オプションで強制的に削除しなければなりません。まだスナップショットに記録されていないファイルを誤って削除してしまうと Git で復旧することができなくなってしまうので、それを防ぐための安全装置です。

ほかに「こんなことできたらいいな」と思われるであろう機能として、ファイル自体は作業ツリーに残しつつステージングエリアからの削除だけを行うこともできます。つまり、ハードディスク上にはファイルを残しておきたいけれど、もう Git では追跡させたくないというような場合のことです。これが特に便利なのは、`.gitignore` ファイルに書き足すのを忘れたために巨大なログファイルや大量の `.a` ファイルがステージされてしまったなどというときです。そんな場合は `--cached` オプションを使用します。

	$ git rm --cached readme.txt

ファイル名やディレクトリ名、そしてファイル glob パターンを `git rm` コマンドに渡すことができます。つまり、このようなこともできるということです。

	$ git rm log/\*.log

`*` の前にバックスラッシュ (`\`) があることに注意しましょう。これが必要なのは、シェルによるファイル名の展開だけでなく Git が自前でファイル名の展開を行うからです。ただしWindowsのコマンドプロンプトの場合は､バックスラッシュは取り除かなければなりません｡このコマンドは、`log/` ディレクトリにある拡張子 `.log` のファイルをすべて削除します。あるいは、このような書き方もできます。

	$ git rm \*~

このコマンドは、`~` で終わるファイル名のファイルをすべて削除します。

## ファイルの移動

他の多くの VCS とは異なり、Git はファイルの移動を明示的に追跡することはありません。Git の中でファイル名を変更しても、「ファイル名を変更した」というメタデータは Git には保存されないのです。しかし Git は賢いので、ファイル名が変わったことを知ることができます。ファイルの移動を検出する仕組みについては後ほど説明します。

しかし Git には `mv` コマンドがあります。ちょっと混乱するかもしれませんね。Git の中でファイル名を変更したい場合は次のようなコマンドを実行します。

	$ git mv file_from file_to

このようなコマンドを実行してから status を確認すると、Git はそれをファイル名が変更されたと解釈していることがわかるでしょう。

	$ git mv README.txt README
	$ git status
	On branch master
	Changes to be committed:
	  (use "git reset HEAD <file>..." to unstage)
	
	        renamed:    README.txt -> README
	

しかし、実際のところこれは、次のようなコマンドを実行するのと同じ意味となります。

	$ mv README.txt README
	$ git rm README.txt
	$ git add README

Git はこれが暗黙的なファイル名の変更であると理解するので、この方法であろうが `mv` コマンドを使おうがどちらでもかまいません。唯一の違いは、この方法だと 3 つのコマンドが必要になるかわりに `mv` だとひとつのコマンドだけで実行できるという点です。より重要なのは、ファイル名の変更は何でもお好みのツールで行えるということです。あとでコミットする前に add/rm を指示してやればいいのです。
fails."
	 3 files changed, 17 insertions(+), 3 deletions(-)

これは `e43a6` と同じ内容の変更を施しますが、コミットの SHA-1 値は新しくなります。適用した日時が異なるからです。これで、歴史は図 5-27 のように変わりました。


![](http://git-scm.com/figures/18333fig0527-tn.png)

図 5-27. トピックブランチのコミットをチェリーピックした後の歴史

あとは、このトピックブランチを削除すれば取り込みたくない変更を消してしまうことができます。

## リリース用のタグ付け

いよいよリリースする時がきました。おそらく、後からいつでもこのリリースを取得できるようにタグを打っておくことになるでしょう。新しいタグを打つ方法は第 2 章で説明しました。タグにメンテナの署名を入れておきたい場合は、このようにします。

	$ git tag -s v1.5 -m 'my signed 1.5 tag'
	You need a passphrase to unlock the secret key for
	user: "Scott Chacon <schacon@gmail.com>"
	1024-bit DSA key, ID F721C45A, created 2009-02-09

タグに署名した場合、署名に使用した PGP 鍵ペアの公開鍵をどのようにして配布するかが問題になるかもしれません。Git 開発プロジェクトのメンテナ達がこの問題をどのように解決したかというと、自分たちの公開鍵を blob としてリポジトリに含め、それを直接指すタグを追加することにしました。この方法を使うには、まずどの鍵を使うかを決めるために `gpg --list-keys` を実行します。

	$ gpg --list-keys
	/Users/schacon/.gnupg/pubring.gpg
	---------------------------------
	pub   1024D/F721C45A 2009-02-09 [expires: 2010-02-09]
	uid                  Scott Chacon <schacon@gmail.com>
	sub   2048g/45D02282 2009-02-09 [expires: 2010-02-09]

鍵を直接 Git データベースにインポートするには、鍵をエクスポートしてそれをパイプで `git hash-object` に渡します。これは、鍵の中身を新しい blob として Git に書き込み、その blob の SHA-1 を返します。

	$ gpg -a --export F721C45A | git hash-object -w --stdin
	659ef797d181633c87ec71ac3f9ba29fe5775b92

鍵の中身を Git に取り込めたので、この鍵を直接指定するタグを作成できるようになりました。`hash-object` コマンドで知った SHA-1 値を指定すればいいのです。

	$ git tag -a maintainer-pgp-pub 659ef797d181633c87ec71ac3f9ba29fe5775b92

`git push --tags` を実行すると、`maintainer-pgp-pub` タグをみんなと共有できるようになります。誰かがタグを検証したい場合は、あなたの PGP 鍵が入った blob をデータベースから直接プルで取得し、それを PGP にインポートすればいいのです。

	$ git show maintainer-pgp-pub | gpg --import

この鍵をインポートした人は、あなたが署名したすべてのタグを検証できるようになります。タグのメッセージに検証手順の説明を含めておけば、`git show <tag>` でエンドユーザー向けに詳しい検証手順を示すことができます。

## ビルド番号の生成

Git では、コミットごとに 'v123' のような単調な番号を振っていくことはありません。もし特定のコミットに対して人間がわかりやすい名前がほしければ、そのコミットに対して `git describe` を実行します。Git は、そのコミットに最も近いタグの名前とそのタグからのコミット数、そしてそのコミットの SHA-1 値の一部を使った名前を作成します。

	$ git describe master
	v1.6.2-rc1-20-g8c5b85c

これで、スナップショットやビルドを公開するときにわかりやすい名前をつけられるようになります。実際、Git そのもののソースコードを Git リポジトリからクローンしてビルドすると、`git --version` が返す結果はこの形式になります。タグが打たれているコミットを直接指定した場合は、タグの名前が返されます。

`git describe` コマンドは注釈付きのタグ (`-a` あるいは `-s` フラグをつけて作成したタグ) を使います。したがって、`git describe` を使うならリリースタグは注釈付きのタグとしなければなりません。そうすれば、describe したときにコミットの名前を適切につけることができます。この文字列を checkout コマンドや show コマンドでの対象の指定に使うこともできますが、これは末尾にある SHA-1 値の省略形に依存しているので将来にわたってずっと使えるとは限りません。たとえば Linux カーネルは、最近 SHA-1 オブジェクトの一意性を確認するための文字数を 8 文字から 10 文字に変更しました。そのため、古い `git describe` の出力での名前はもはや使えません。

## リリースの準備

実際にリリースするにあたって行うであろうことのひとつに、最新のスナップショットのアーカイブを作るという作業があります。Git を使っていないというかわいそうな人たちにもコードを提供するために。その際に使用するコマンドは `git archive` です。

	$ git archive master --prefix='project/' | gzip > `git describe master`.tar.gz
	$ ls *.tar.gz
	v1.6.2-rc1-20-g8c5b85c.tar.gz

tarball を開けば、プロジェクトのディレクトリの下に最新のスナップショットが得られます。まったく同じ方法で zip アーカイブを作成することもできます。この場合は `git archive` で `--format=zip` オプションを指定します。

	$ git archive master --prefix='project/' --format=zip > `git describe master`.zip

これで、あなたのプロジェクトのリリース用にすてきな tarball と zip アーカイブができあがりました。これをウェブサイトにアップロードするなりメールで送ってあげるなりしましょう。

## 短いログ

そろそろメーリングリストにメールを送り、プロジェクトに何が起こったのかをみんなに知らせてあげましょう。前回のリリースから何が変わったのかの変更履歴を手軽に取得するには `git shortlog` コマンドを使います。これは、指定した範囲のすべてのコミットのまとめを出力します。たとえば、直近のリリースの名前が v1.0.1 だった場合は、次のようにすると前回のリリース以降のすべてのコミットの概要が得られます。

	$ git shortlog --no-merges master --not v1.0.1
	Chris Wanstrath (8):
	      Add support for annotated tags to Grit::Tag
	      Add packed-refs annotated tag support.
	      Add Grit::Commit#to_patch
	      Update version and History.txt
	      Remove stray `puts`
	      Make ls_tree ignore nils

	Tom Preston-Werner (4):
	      fix dates in history
	      dynamic version method
	      Version bump to 1.0.2
	      Regenerated gemspec for version 1.0.2

v1.0.1 以降のすべてのコミットの概要が、作者別にまとめて得られました。これをメーリングリストに投稿するといいでしょう。
ごとにトピックブランチを作成することになります。違うのは、パッチをプロジェクトに提供する方法です。プロジェクトをフォークし、自分用のリポジトリにプッシュするのではなく、個々のコミットについてメールを作成し、それを開発者用メーリングリストに投稿します。

	$ git checkout -b topicA
	$ (作業)
	$ git commit
	$ (作業)
	$ git commit

これで二つのコミットができあがりました。これらをメーリングリストに投稿します。`git format-patch` を使うと mbox 形式のファイルが作成されるので、これをメーリングリストに送ることができます。このコマンドは、コミットメッセージの一行目を件名、残りのコミットメッセージとコミット内容のパッチを本文に書いたメールを作成します。これのよいところは、`format-patch` で作成したメールからパッチを適用すると、すべてのコミット情報が適切に維持されるというところです。次のセクションで実際にパッチを適用するところになれば、よりはっきりと実感するでしょう。

	$ git format-patch -M origin/master
	0001-add-limit-to-log-function.patch
	0002-changed-log-output-to-30-from-25.patch

`format-patch` コマンドは、できあがったパッチファイルの名前を出力します。`-M` スイッチは、名前が変わったことを検出するためのものです。できあがったファイルは次のようになります。

	$ cat 0001-add-limit-to-log-function.patch
	From 330090432754092d704da8e76ca5c05c198e71a8 Mon Sep 17 00:00:00 2001
	From: Jessica Smith <jessica@example.com>
	Date: Sun, 6 Apr 2008 10:17:23 -0700
	Subject: [PATCH 1/2] add limit to log function

	Limit log functionality to the first 20

	---
	 lib/simplegit.rb |    2 +-
	 1 files changed, 1 insertions(+), 1 deletions(-)

	diff --git a/lib/simplegit.rb b/lib/simplegit.rb
	index 76f47bc..f9815f1 100644
	--- a/lib/simplegit.rb
	+++ b/lib/simplegit.rb
	@@ -14,7 +14,7 @@ class SimpleGit
	   end

	   def log(treeish = 'master')
	-    command("git log #{treeish}")
	+    command("git log -n 20 #{treeish}")
	   end

	   def ls_tree(treeish = 'master')
	--
	1.6.2.rc1.20.g8c5b.dirty

このファイルを編集して、コミットメッセージには書けなかったような情報をメーリングリスト用に追加することもできます。`---` の行とパッチの開始位置 (`lib/simplegit.rb` の行) の間にメッセージを書くと、メールを受信した人はそれを読むことができますが、パッチからは除外されます。

これをメーリングリストに投稿するには、メールソフトにファイルの内容を貼り付けるか、あるいはコマンドラインのプログラムを使います。ファイルの内容をコピーして貼り付けると「かしこい」メールソフトが勝手に改行の位置を変えてしまうなどの問題が起こりがちです。ありがたいことに Git には、きちんとしたフォーマットのパッチを IMAP で送ることを支援するツールが用意されています。これを使うと便利です。ここでは、パッチを Gmail で送る方法を説明しましょう。というのも、たまたま私が使ってるメールソフトが Gmail だからです。さまざまなメールソフトでの詳細なメール送信方法が、Git ソースコードにある `Documentation/SubmittingPatches` の最後に載っています。

まず。`~/.gitconfig` ファイルの imap セクションを設定します。それぞれの値を `git config` コマンドで順に設定してもかまいませんし、このファイルに手で書き加えてもかまいません。最終的に、設定ファイルは次のようになります。

	[imap]
	  folder = "[Gmail]/Drafts"
	  host = imaps://imap.gmail.com
	  user = user@gmail.com
	  pass = p4ssw0rd
	  port = 993
	  sslverify = false

IMAP サーバーで SSL を使っていない場合は、最後の二行はおそらく不要でしょう。そして host のところが `imaps://` ではなく `imap://` となります。ここまでの設定が終われば、`git imap-send` を実行して IMAP サーバーの Drafts フォルダにパッチを置くことができるようになります。

    $ cat *.patch |git imap-send
    Resolving imap.gmail.com... ok
    Connecting to [74.125.142.109]:993... ok
    Logging in...
    sending 2 messages
    100% (2/2) done

あとは、Drafts フォルダに移動して To フィールドをメーリングリストのアドレスに変更し (おそらく CC には担当メンテなのアドレスを入れ)、送信できるようになりました。

SMTP サーバーを使ってパッチを送ることもできます。IMAP サーバー同様、設定は `git config` コマンドで順に設定してもいいですし、`~/.gitconfig` ファイルの sendmail セクションに直接入力してもかまいません。

    [sendemail]
      smtpencryption = tls
      smtpserver = smtp.gmail.com
      smtpuser = user@gmail.com
      smtpserverport = 587

設定が追加できたら、`git send-email` を実行してパッチを送信します。

	$ git send-email *.patch
	0001-added-limit-to-log-function.patch
	0002-changed-log-output-to-30-from-25.patch
	Who should the emails appear to be from? [Jessica Smith <jessica@example.com>]
	Emails will be sent from: Jessica Smith <jessica@example.com>
	Who should the emails be sent to? jessica@example.com
	Message-ID to be used as In-Reply-To for the first email? y

Git はその後、各パッチについてこのようなログ情報をはき出すはずです。

	(mbox) Adding cc: Jessica Smith <jessica@example.com> from
	  \line 'From: Jessica Smith <jessica@example.com>'
	OK. Log says:
	Sendmail: /usr/sbin/sendmail -i jessica@example.com
	From: Jessica Smith <jessica@example.com>
	To: jessica@example.com
	Subject: [PATCH 1/2] added limit to log function
	Date: Sat, 30 May 2009 13:29:15 -0700
	Message-Id: <1243715356-61726-1-git-send-email-jessica@example.com>
	X-Mailer: git-send-email 1.6.2.rc1.20.g8c5b.dirty
	In-Reply-To: <y>
	References: <y>

	Result: OK

## まとめ

このセクションでは、今後みなさんが遭遇するであろうさまざまな形式の Git プロジェクトについて、関わっていくための作業手順を説明しました。そして、その際に使える新兵器もいくつか紹介しました。次はもう一方の側、つまり Git プロジェクトを運営する側について見ていきましょう。慈悲深い独裁者、あるいは統合マネージャーとしての作業手順を説明します。
